

<!DOCTYPE html PUBLIC "-//W3C//DTD XHTML 1.0 Transitional//EN"
  "http://www.w3.org/TR/xhtml1/DTD/xhtml1-transitional.dtd">


<html xmlns="http://www.w3.org/1999/xhtml">
  <head>
    <meta http-equiv="Content-Type" content="text/html; charset=utf-8" />
    
    <title>scipy.optimize.golden &mdash; SciPy v0.12 Reference Guide (DRAFT)</title>
    
    <link rel="stylesheet" href="../_static/scipy.css" type="text/css" />
    <link rel="stylesheet" href="../_static/pygments.css" type="text/css" />
    
    <script type="text/javascript">
      var DOCUMENTATION_OPTIONS = {
        URL_ROOT:    '../',
        VERSION:     '0.12.0',
        COLLAPSE_INDEX: false,
        FILE_SUFFIX: '.html',
        HAS_SOURCE:  false
      };
    </script>
    <script type="text/javascript" src="../_static/jquery.js"></script>
    <script type="text/javascript" src="../_static/underscore.js"></script>
    <script type="text/javascript" src="../_static/doctools.js"></script>
    <link rel="top" title="SciPy v0.12 Reference Guide (DRAFT)" href="../index.html" />
    <link rel="up" title="Optimization and root finding (scipy.optimize)" href="../optimize.html" />
    <link rel="next" title="scipy.optimize.bracket" href="scipy.optimize.bracket.html" />
    <link rel="prev" title="scipy.optimize.brent" href="scipy.optimize.brent.html" /> 
  </head>
  <body>
    <div class="related">
      <h3>Navigation</h3>
      <ul>
        <li class="right" style="margin-right: 10px">
          <a href="../genindex.html" title="General Index"
             accesskey="I">index</a></li>
        <li class="right" >
          <a href="../py-modindex.html" title="Python Module Index"
             >modules</a> |</li>
        <li class="right" >
          <a href="../np-modindex.html" title="Python Module Index"
             >modules</a> |</li>
        <li class="right" >
          <a href="scipy.optimize.bracket.html" title="scipy.optimize.bracket"
             accesskey="N">next</a> |</li>
        <li class="right" >
          <a href="scipy.optimize.brent.html" title="scipy.optimize.brent"
             accesskey="P">previous</a> |</li>
        <li><a href="../index.html">SciPy v0.12 Reference Guide (DRAFT)</a> &raquo;</li>
          <li><a href="../optimize.html" accesskey="U">Optimization and root finding (<tt class="docutils literal docutils literal docutils literal docutils literal docutils literal docutils literal docutils literal docutils literal docutils literal docutils literal docutils literal docutils literal docutils literal docutils literal docutils literal docutils literal docutils literal docutils literal docutils literal docutils literal docutils literal docutils literal docutils literal docutils literal docutils literal docutils literal docutils literal docutils literal docutils literal"><span class="pre">scipy.optimize</span></tt>)</a> &raquo;</li> 
      </ul>
    </div>  

    <div class="document">
      <div class="documentwrapper">
        <div class="bodywrapper">
          <div class="body">
            
  <div class="section" id="scipy-optimize-golden">
<h1>scipy.optimize.golden<a class="headerlink" href="#scipy-optimize-golden" title="Permalink to this headline">¶</a></h1>
<dl class="function">
<dt id="scipy.optimize.golden">
<tt class="descclassname">scipy.optimize.</tt><tt class="descname">golden</tt><big>(</big><em>func</em>, <em>args=()</em>, <em>brack=None</em>, <em>tol=1.4901161193847656e-08</em>, <em>full_output=0</em><big>)</big><a class="reference external" href="http://github.com/scipy/scipy/blob/v0.12.0/scipy/optimize/optimize.py#L1800"><span class="viewcode-link">[source]</span></a><a class="headerlink" href="#scipy.optimize.golden" title="Permalink to this definition">¶</a></dt>
<dd><p>Return the minimum of a function of one variable.</p>
<p>Given a function of one variable and a possible bracketing interval,
return the minimum of the function isolated to a fractional precision of
tol.</p>
<table class="docutils field-list" frame="void" rules="none">
<col class="field-name" />
<col class="field-body" />
<tbody valign="top">
<tr class="field-odd field"><th class="field-name">Parameters :</th><td class="field-body"><p class="first"><strong>func</strong> : callable func(x,*args)</p>
<blockquote>
<div><p>Objective function to minimize.</p>
</div></blockquote>
<p><strong>args</strong> : tuple</p>
<blockquote>
<div><p>Additional arguments (if present), passed to func.</p>
</div></blockquote>
<p><strong>brack</strong> : tuple</p>
<blockquote>
<div><p>Triple (a,b,c), where (a&lt;b&lt;c) and func(b) &lt;
func(a),func(c).  If bracket consists of two numbers (a,
c), then they are assumed to be a starting interval for a
downhill bracket search (see <a class="reference internal" href="scipy.optimize.bracket.html#scipy.optimize.bracket" title="scipy.optimize.bracket"><tt class="xref py py-obj docutils literal"><span class="pre">bracket</span></tt></a>); it doesn&#8217;t always
mean that obtained solution will satisfy a&lt;=x&lt;=c.</p>
</div></blockquote>
<p><strong>tol</strong> : float</p>
<blockquote>
<div><p>x tolerance stop criterion</p>
</div></blockquote>
<p><strong>full_output</strong> : bool</p>
<blockquote class="last">
<div><p>If True, return optional outputs.</p>
</div></blockquote>
</td>
</tr>
</tbody>
</table>
<div class="admonition-see-also admonition seealso">
<p class="first admonition-title">See also</p>
<dl class="last docutils">
<dt><a class="reference internal" href="scipy.optimize.minimize_scalar.html#scipy.optimize.minimize_scalar" title="scipy.optimize.minimize_scalar"><tt class="xref py py-obj docutils literal"><span class="pre">minimize_scalar</span></tt></a></dt>
<dd>Interface to minimization algorithms for scalar univariate functions. See the &#8216;Golden&#8217; <em class="xref py py-obj">method</em> in particular.</dd>
</dl>
</div>
<p class="rubric">Notes</p>
<p>Uses analog of bisection method to decrease the bracketed
interval.</p>
</dd></dl>

</div>


          </div>
        </div>
      </div>
      <div class="sphinxsidebar">
        <div class="sphinxsidebarwrapper">
            <p class="logo"><a href="../index.html">
              <img class="logo" src="../_static/scipyshiny_small.png" alt="Logo"/>
            </a></p>
  <h4>Previous topic</h4>
  <p class="topless"><a href="scipy.optimize.brent.html"
                        title="previous chapter">scipy.optimize.brent</a></p>
  <h4>Next topic</h4>
  <p class="topless"><a href="scipy.optimize.bracket.html"
                        title="next chapter">scipy.optimize.bracket</a></p>

<div id="searchbox" style="display: none">
  <h3>Quick search</h3>
    <form class="search" action="../search.html" method="get">
      <input type="text" name="q" />
      <input type="submit" value="Go" />
      <input type="hidden" name="check_keywords" value="yes" />
      <input type="hidden" name="area" value="default" />
    </form>
    <p class="searchtip" style="font-size: 90%">
    Enter search terms or a module, class or function name.
    </p>
</div>
<script type="text/javascript">$('#searchbox').show(0);</script>

        </div>
      </div>
      <div class="clearer"></div>
    </div>
    <div class="related">
      <h3>Navigation</h3>
      <ul>
        <li class="right" style="margin-right: 10px">
          <a href="../genindex.html" title="General Index"
             >index</a></li>
        <li class="right" >
          <a href="../py-modindex.html" title="Python Module Index"
             >modules</a> |</li>
        <li class="right" >
          <a href="../np-modindex.html" title="Python Module Index"
             >modules</a> |</li>
        <li class="right" >
          <a href="scipy.optimize.bracket.html" title="scipy.optimize.bracket"
             >next</a> |</li>
        <li class="right" >
          <a href="scipy.optimize.brent.html" title="scipy.optimize.brent"
             >previous</a> |</li>
        <li><a href="../index.html">SciPy v0.12 Reference Guide (DRAFT)</a> &raquo;</li>
          <li><a href="../optimize.html" >Optimization and root finding (<tt class="docutils literal docutils literal docutils literal docutils literal docutils literal docutils literal docutils literal docutils literal docutils literal docutils literal docutils literal docutils literal docutils literal docutils literal docutils literal docutils literal docutils literal docutils literal docutils literal docutils literal docutils literal docutils literal docutils literal docutils literal docutils literal docutils literal docutils literal docutils literal docutils literal"><span class="pre">scipy.optimize</span></tt>)</a> &raquo;</li> 
      </ul>
    </div>
    <div class="footer">
        &copy; Copyright 2008-2009, The Scipy community.
      Last updated on May 01, 2013.
      Created using <a href="http://sphinx.pocoo.org/">Sphinx</a> 1.1.3.
    </div>
  </body>
</html>